// Jest Snapshot v1, https://jestjs.io/docs/snapshot-testing

exports[`timeline snapshot 1`] = `
<DocumentFragment>
  <div>
    <h2>
      Widget
    </h2>
    <p>
      Fire
    </p>
    <div
      aria-label="timeline"
    >
      <div
        style="border-left: 2px solid rgb(204, 204, 204); margin-left: 1em; padding-left: 1em;"
      >
        <div>
          2024-01-01
        </div>
        <p>
          Initial
        </p>
      </div>
      <div
        style="border-left: 2px solid rgb(204, 204, 204); margin-left: 1em; padding-left: 1em;"
      >
        <div>
          2024-02-01
        </div>
        <p>
          Follow-up
        </p>
      </div>
    </div>
  </div>
</DocumentFragment>
`;
